// Jest Snapshot v1, https://goo.gl/fbAQLP

exports[`ProbBar matches snapshot for given percentage 1`] = `
<div
  class="deg-bar w-full"
  title="58%"
>
  <div
    aria-valuemax="100"
    aria-valuemin="0"
    aria-valuenow="58"
    class="h-full bg-accent rounded-[3px]"
    role="progressbar"
    style="width: 58%;"
  >
    <span
      class="sr-only"
    >
      58
      %
    </span>
  </div>
</div>
`;
